// Jest Snapshot v1, https://goo.gl/fbAQLP

exports[`should render LoginPage correctly 1`] = `
<div
  className="box-layout"
>
  <div
    className="box-layout__box"
  >
    <h1
      className="box-layout__title"
    >
      Snippy Notes
    </h1>
    <p
      className="box-layout__tagline"
    >
      Take notes, save, and expand snippets with ease!
    </p>
    <button
      className="btn btn--google btn--shine box-layout__button"
      onClick={[Function]}
    >
      <img
        alt="google logo"
        className="box-layout__button-logo google-logo"
        src="test-file-stub"
      />
      Login with Google
    </button>
  </div>
</div>
`;
